URL: dcap:relative-path/to/file
  dc_getURL() returned NULL
