URL: dcap:/abs-path/to/file
  dc_getURL() returned NULL
