URL: gsidcap://dcap-door:22223/path/to/file
  host: dcap-door:22223
  file: path/to/file
  type: 1
  prefix: gsi
  config line: dcap-door:22223:libgsiTunnel.so
