URL: pnfs://dcap-door:22223/000100000000000000001080
  host: dcap-door:22223
  file: 000100000000000000001080
  type: 2
  prefix: none
  config line: dcap-door:22223
